// Jest Snapshot v1, https://goo.gl/fbAQLP

exports[`Graphql - e2e login 1`] = `
Object {
  "data": Object {
    "customerLogin": Object {
      "customer": {
        "customerId": "1"
      },
    },
  },
}
`;
